[ayusharma.github.io/birthday/index.html]
[backblue.gif]
[fade.gif]
[index.html]
[ayusharma.github.io/birthday/favicon.ico]
[maxcdn.bootstrapcdn.com/bootstrap/3.3.1/css/bootstrap.min.css]
[ayusharma.github.io/birthday/stylesheet.css]
[ayusharma.github.io/birthday/loading.css]
[ayusharma.github.io/birthday/cake.less]
[cdnjs.cloudflare.com/ajax/libs/less.js/2.1.0/less.min.js]
[ayusharma.github.io/birthday/hbd.mp3]
[ayusharma.github.io/birthday/Balloon-Border.png]
[ayusharma.github.io/birthday/banner.png]
[ajax.googleapis.com/ajax/libs/jquery/1.11.2/jquery.min.js]
[maxcdn.bootstrapcdn.com/bootstrap/3.3.1/js/bootstrap.min.js]
[ayusharma.github.io/birthday/effect.js]
[www.google-analytics.com/analytics.js]
[ayusharma.github.io/birthday/index.html]
[maxcdn.bootstrapcdn.com/bootstrap/3.3.1/css/bootstrap.min.css]
[ayusharma.github.io/birthday/bulb_yellow.png]
[ayusharma.github.io/birthday/bulb.png]
[ayusharma.github.io/birthday/bulb_red.png]
[ayusharma.github.io/birthday/bulb_blue.png]
[ayusharma.github.io/birthday/bulb_green.png]
[ayusharma.github.io/birthday/bulb_pink.png]
[ayusharma.github.io/birthday/bulb_orange.png]
[ayusharma.github.io/birthday/b1.png]
[ayusharma.github.io/birthday/b2.png]
[ayusharma.github.io/birthday/b3.png]
[ayusharma.github.io/birthday/b4.png]
[ayusharma.github.io/birthday/b5.png]
[ayusharma.github.io/birthday/b6.png]
[ayusharma.github.io/birthday/b7.png]
[ayusharma.github.io/birthday/stylesheet.css]
[ayusharma.github.io/birthday/loading.css]
